// Jest Snapshot v1, https://goo.gl/fbAQLP

exports[`<Accordion /> renders the <Accordion /> 1`] = `
<div
  class="accordion__Container-l3iym9-0 inwkwi"
>
  <div
    class="accordion__Inner-l3iym9-1 gewWXT"
  >
    <h2
      class="accordion__Title-l3iym9-2 foFCip"
    >
      Frequently Asked Questions
    </h2>
    <div
      class="accordion__Item-l3iym9-3 lozVtj"
    >
      <button
        class="accordion__Header-l3iym9-4 bxrEvq"
      >
        What is Netflix?
        <img
          alt="Open"
          src="/images/icons/add.png"
        />
      </button>
    </div>
    <div
      class="accordion__Item-l3iym9-3 lozVtj"
    >
      <button
        class="accordion__Header-l3iym9-4 bxrEvq"
      >
        How much does Netflix cost?
        <img
          alt="Open"
          src="/images/icons/add.png"
        />
      </button>
    </div>
    <div
      class="accordion__Item-l3iym9-3 lozVtj"
    >
      <button
        class="accordion__Header-l3iym9-4 bxrEvq"
      >
        Where can I watch?
        <img
          alt="Open"
          src="/images/icons/add.png"
        />
      </button>
    </div>
    <div
      class="accordion__Item-l3iym9-3 lozVtj"
    >
      <button
        class="accordion__Header-l3iym9-4 bxrEvq"
      >
        How do I cancel?
        <img
          alt="Open"
          src="/images/icons/add.png"
        />
      </button>
    </div>
    <div
      class="accordion__Item-l3iym9-3 lozVtj"
    >
      <button
        class="accordion__Header-l3iym9-4 bxrEvq"
      >
        What can I watch on Netflix?
        <img
          alt="Open"
          src="/images/icons/add.png"
        />
      </button>
    </div>
    <div
      class="accordion__Item-l3iym9-3 lozVtj"
    >
      <button
        class="accordion__Header-l3iym9-4 bxrEvq"
      >
        How does the free trial work?
        <img
          alt="Open"
          src="/images/icons/add.png"
        />
      </button>
    </div>
    <div
      class="accordion__Item-l3iym9-3 lozVtj"
    >
      <button
        class="accordion__Header-l3iym9-4 bxrEvq"
      >
        Why am I seeing this language?
        <img
          alt="Open"
          src="/images/icons/add.png"
        />
      </button>
    </div>
  </div>
</div>
`;

exports[`<Accordion /> toggles the <Accordion /> 1`] = `
<div
  class="accordion__Container-l3iym9-0 inwkwi"
>
  <div
    class="accordion__Inner-l3iym9-1 gewWXT"
  >
    <h2
      class="accordion__Title-l3iym9-2 foFCip"
    >
      Frequently Asked Questions
    </h2>
    <div
      class="accordion__Item-l3iym9-3 lozVtj"
    >
      <button
        class="accordion__Header-l3iym9-4 bxrEvq"
      >
        What is Netflix?
        <img
          alt="Open"
          src="/images/icons/add.png"
        />
      </button>
    </div>
    <div
      class="accordion__Item-l3iym9-3 lozVtj"
    >
      <button
        class="accordion__Header-l3iym9-4 bxrEvq"
      >
        How much does Netflix cost?
        <img
          alt="Open"
          src="/images/icons/add.png"
        />
      </button>
    </div>
    <div
      class="accordion__Item-l3iym9-3 lozVtj"
    >
      <button
        class="accordion__Header-l3iym9-4 bxrEvq"
      >
        Where can I watch?
        <img
          alt="Open"
          src="/images/icons/add.png"
        />
      </button>
    </div>
    <div
      class="accordion__Item-l3iym9-3 lozVtj"
    >
      <button
        class="accordion__Header-l3iym9-4 bxrEvq"
      >
        How do I cancel?
        <img
          alt="Open"
          src="/images/icons/add.png"
        />
      </button>
    </div>
    <div
      class="accordion__Item-l3iym9-3 lozVtj"
    >
      <button
        class="accordion__Header-l3iym9-4 bxrEvq"
      >
        What can I watch on Netflix?
        <img
          alt="Open"
          src="/images/icons/add.png"
        />
      </button>
    </div>
    <div
      class="accordion__Item-l3iym9-3 lozVtj"
    >
      <button
        class="accordion__Header-l3iym9-4 bxrEvq"
      >
        How does the free trial work?
        <img
          alt="Open"
          src="/images/icons/add.png"
        />
      </button>
    </div>
    <div
      class="accordion__Item-l3iym9-3 lozVtj"
    >
      <button
        class="accordion__Header-l3iym9-4 bxrEvq"
      >
        Why am I seeing this language?
        <img
          alt="Open"
          src="/images/icons/add.png"
        />
      </button>
    </div>
  </div>
</div>
`;
