// Jest Snapshot v1, https://goo.gl/fbAQLP

exports[`<Feature /> renders the <Feature /> 1`] = `
<div
  class="feature__Container-sc-6swrp6-0 gazZKD"
>
  <h1
    class="feature__Title-sc-6swrp6-1 gGONpd"
  >
    Unlimited movies, TV shows and more.
  </h1>
  <h2
    class="feature__SubTitle-sc-6swrp6-2 eduQxj"
  >
    Watch anywhere. Cancel anytime.
  </h2>
  <p
    class="feature__Disclaimer-sc-6swrp6-3 vpAGK"
  >
    Only new members are eligible for this offer.
  </p>
</div>
`;
