// Jest Snapshot v1, https://goo.gl/fbAQLP

exports[`<Footer /> renders the <Footer /> 1`] = `
<footer
  class="footer__Container-qu6i6-0 bLHXco"
>
  <h2
    class="footer__Title-qu6i6-3 hcXouZ"
  >
    Questions? Contact us.
  </h2>
  <div
    class="footer__Row-qu6i6-2 hQISfg"
  >
    <div
      class="footer__Col-qu6i6-1 gJGTZT"
    >
      <a
        class="footer__Link-qu6i6-5 jeTrZb"
        href="#"
      >
        FAQ
      </a>
      <a
        class="footer__Link-qu6i6-5 jeTrZb"
        href="#"
      >
        Investor Relations
      </a>
      <a
        class="footer__Link-qu6i6-5 jeTrZb"
        href="#"
      >
        Privacy
      </a>
      <a
        class="footer__Link-qu6i6-5 jeTrZb"
        href="#"
      >
        Speed Test
      </a>
    </div>
    <div
      class="footer__Col-qu6i6-1 gJGTZT"
    >
      <a
        class="footer__Link-qu6i6-5 jeTrZb"
        href="#"
      >
        Help Center
      </a>
      <a
        class="footer__Link-qu6i6-5 jeTrZb"
        href="#"
      >
        Jobs
      </a>
      <a
        class="footer__Link-qu6i6-5 jeTrZb"
        href="#"
      >
        Cookie Preferences
      </a>
      <a
        class="footer__Link-qu6i6-5 jeTrZb"
        href="#"
      >
        Legal Notices
      </a>
    </div>
    <div
      class="footer__Col-qu6i6-1 gJGTZT"
    >
      <a
        class="footer__Link-qu6i6-5 jeTrZb"
        href="#"
      >
        Account
      </a>
      <a
        class="footer__Link-qu6i6-5 jeTrZb"
        href="#"
      >
        Ways to Watch
      </a>
      <a
        class="footer__Link-qu6i6-5 jeTrZb"
        href="#"
      >
        Corporate Information
      </a>
      <a
        class="footer__Link-qu6i6-5 jeTrZb"
        href="#"
      >
        Netflix Originals
      </a>
    </div>
    <div
      class="footer__Col-qu6i6-1 gJGTZT"
    >
      <a
        class="footer__Link-qu6i6-5 jeTrZb"
        href="#"
      >
        Media Center
      </a>
      <a
        class="footer__Link-qu6i6-5 jeTrZb"
        href="#"
      >
        Terms of Use
      </a>
      <a
        class="footer__Link-qu6i6-5 jeTrZb"
        href="#"
      >
        Contact Us
      </a>
    </div>
  </div>
  <p
    class="footer__Text-qu6i6-4 agZJJ"
  >
    Netflix Belarus
  </p>
</footer>
`;
